2026-04-25 20:33:03,327 - Starting server...
2026-04-25 20:33:03,349 -  * Debugger is active!
2026-04-25 20:33:03,370 -  * Debugger PIN: 106-731-306
2026-04-25 20:33:29,855 - Starting server...
2026-04-25 20:33:29,898 - [31m[1mWARNING: This is a development server. Do not use it in a production deployment. Use a production WSGI server instead.[0m
 * Running on http://127.0.0.1:5000
2026-04-25 20:33:29,898 - [33mPress CTRL+C to quit[0m
2026-04-25 20:33:29,898 -  * Restarting with stat
2026-04-25 20:33:29,991 - Starting server...
2026-04-25 20:33:30,006 -  * Debugger is active!
2026-04-25 20:33:30,015 -  * Debugger PIN: 106-731-306
2026-04-25 20:33:35,428 - 127.0.0.1 - - [25/Apr/2026 20:33:35] "GET / HTTP/1.1" 200 -
2026-04-25 20:40:11,774 -  * Detected change in '/Users/dineshmore/yt-dlp-video-downloader/app.py', reloading
2026-04-25 20:40:11,833 -  * Restarting with stat
2026-04-25 20:40:12,026 - WARNING -  * Debugger is active!
2026-04-25 20:40:12,039 - INFO -  * Debugger PIN: 106-731-306
2026-04-25 20:40:15,428 - INFO - [31m[1mWARNING: This is a development server. Do not use it in a production deployment. Use a production WSGI server instead.[0m
 * Running on http://127.0.0.1:5000
2026-04-25 20:40:15,428 - INFO - [33mPress CTRL+C to quit[0m
2026-04-25 20:40:15,428 - INFO -  * Restarting with stat
2026-04-25 20:40:15,538 - WARNING -  * Debugger is active!
2026-04-25 20:40:15,546 - INFO -  * Debugger PIN: 106-731-306
2026-04-25 20:40:22,967 - INFO - 127.0.0.1 - - [25/Apr/2026 20:40:22] "GET / HTTP/1.1" 200 -
2026-04-25 20:40:56,808 - INFO - 127.0.0.1 - - [25/Apr/2026 20:40:56] "GET /info?url=https://www.youtube.com/watch?v%3DFV-715D-Buk HTTP/1.1" 200 -
2026-04-25 20:41:27,696 - INFO - Download started: https://www.youtube.com/watch?v=FV-715D-Buk
2026-04-25 20:41:27,697 - INFO - CMD: yt-dlp --newline --no-warnings --cookies-from-browser brave --js-runtimes node --remote-components ejs:github -o /Users/dineshmore/yt-dlp-video-downloader/%(title)s.%(ext)s -f bv*+ba/best https://www.youtube.com/watch?v=FV-715D-Buk
2026-04-25 20:41:27,993 - INFO - Extracting cookies from brave
2026-04-25 20:41:27,993 - INFO - 127.0.0.1 - - [25/Apr/2026 20:41:27] "GET /download?url=https://www.youtube.com/watch?v%3DFV-715D-Buk&format_id=best&mode=smart HTTP/1.1" 200 -
2026-04-25 20:41:28,933 - INFO - Extracted 454 cookies from brave
2026-04-25 20:41:28,940 - INFO - [youtube] Extracting URL: https://www.youtube.com/watch?v=FV-715D-Buk
2026-04-25 20:41:28,943 - INFO - [youtube] FV-715D-Buk: Downloading webpage
2026-04-25 20:41:30,853 - INFO - [youtube] FV-715D-Buk: Downloading tv downgraded player API JSON
2026-04-25 20:41:31,622 - INFO - [youtube] FV-715D-Buk: Downloading player 8456c9de-main
2026-04-25 20:41:32,657 - INFO - [youtube] [jsc:node] Solving JS challenges using node
2026-04-25 20:41:33,370 - INFO - [youtube] FV-715D-Buk: Downloading m3u8 information
2026-04-25 20:41:34,321 - INFO - [info] FV-715D-Buk: Downloading 1 format(s): 399+251-7
2026-04-25 20:41:34,662 - INFO - [download] Destination: /Users/dineshmore/yt-dlp-video-downloader/Top Gun and Top Gun： Maverick ｜ Official Trailer ｜ Experience It In IMAX®.f399.mp4
2026-04-25 20:41:34,662 - INFO - [download]   0.0% of    8.69MiB at   50.96KiB/s ETA 02:55
2026-04-25 20:41:34,663 - INFO - [download]   0.0% of    8.69MiB at  140.88KiB/s ETA 01:03
2026-04-25 20:41:34,665 - INFO - [download]   0.1% of    8.69MiB at  314.82KiB/s ETA 00:28
2026-04-25 20:41:34,665 - INFO - [download]   0.2% of    8.69MiB at  642.32KiB/s ETA 00:13
2026-04-25 20:41:34,673 - INFO - [download]   0.3% of    8.69MiB at 1015.20KiB/s ETA 00:08
2026-04-25 20:41:34,745 - INFO - [download]   0.7% of    8.69MiB at  616.79KiB/s ETA 00:14
2026-04-25 20:41:34,756 - INFO - [download]   1.4% of    8.69MiB at    1.09MiB/s ETA 00:07
2026-04-25 20:41:34,848 - INFO - [download]   2.9% of    8.69MiB at    1.21MiB/s ETA 00:06
2026-04-25 20:41:34,916 - INFO - [download]   5.7% of    8.69MiB at    1.83MiB/s ETA 00:04
2026-04-25 20:41:35,010 - INFO - [download]  11.5% of    8.69MiB at    2.72MiB/s ETA 00:02
2026-04-25 20:41:35,345 - INFO - [download]  23.0% of    8.69MiB at    2.85MiB/s ETA 00:02
2026-04-25 20:41:35,678 - INFO - [download]  46.0% of    8.69MiB at    3.86MiB/s ETA 00:01
2026-04-25 20:41:36,549 - INFO - [download]  92.0% of    8.69MiB at    4.19MiB/s ETA 00:00
2026-04-25 20:41:36,697 - INFO - [download] 100.0% of    8.69MiB at    4.23MiB/s ETA 00:00
2026-04-25 20:41:36,699 - INFO - [download] 100% of    8.69MiB in 00:00:02 at 3.76MiB/s
2026-04-25 20:41:36,987 - INFO - [download] Destination: /Users/dineshmore/yt-dlp-video-downloader/Top Gun and Top Gun： Maverick ｜ Official Trailer ｜ Experience It In IMAX®.f251-7.webm
2026-04-25 20:41:36,987 - INFO - [download]   0.1% of    1.49MiB at  298.06KiB/s ETA 00:05
2026-04-25 20:41:36,991 - INFO - [download]   0.2% of    1.49MiB at  469.34KiB/s ETA 00:03
2026-04-25 20:41:36,992 - INFO - [download]   0.5% of    1.49MiB at  882.37KiB/s ETA 00:01
2026-04-25 20:41:36,993 - INFO - [download]   1.0% of    1.49MiB at    1.58MiB/s ETA 00:00
2026-04-25 20:41:36,999 - INFO - [download]   2.0% of    1.49MiB at    2.00MiB/s ETA 00:00
2026-04-25 20:41:37,050 - INFO - [download]   4.1% of    1.49MiB at  956.43KiB/s ETA 00:01
2026-04-25 20:41:37,114 - INFO - [download]   8.3% of    1.49MiB at  974.82KiB/s ETA 00:01
2026-04-25 20:41:37,205 - INFO - [download]  16.7% of    1.49MiB at    1.13MiB/s ETA 00:01
2026-04-25 20:41:37,297 - INFO - [download]  33.5% of    1.49MiB at    1.59MiB/s ETA 00:00
2026-04-25 20:41:37,449 - INFO - [download]  67.0% of    1.49MiB at    2.15MiB/s ETA 00:00
2026-04-25 20:41:37,571 - INFO - [download] 100.0% of    1.49MiB at    2.54MiB/s ETA 00:00
2026-04-25 20:41:37,574 - INFO - [download] 100% of    1.49MiB in 00:00:00 at 1.71MiB/s
2026-04-25 20:41:37,628 - INFO - [Merger] Merging formats into "/Users/dineshmore/yt-dlp-video-downloader/Top Gun and Top Gun： Maverick ｜ Official Trailer ｜ Experience It In IMAX®.webm"
2026-04-25 20:41:37,696 - INFO - Deleting original file /Users/dineshmore/yt-dlp-video-downloader/Top Gun and Top Gun： Maverick ｜ Official Trailer ｜ Experience It In IMAX®.f399.mp4 (pass -k to keep)
2026-04-25 20:41:37,696 - INFO - Deleting original file /Users/dineshmore/yt-dlp-video-downloader/Top Gun and Top Gun： Maverick ｜ Official Trailer ｜ Experience It In IMAX®.f251-7.webm (pass -k to keep)
2026-04-25 20:41:37,762 - INFO - Download completed
2026-04-25 20:41:40,774 - INFO - Download started: https://www.youtube.com/watch?v=FV-715D-Buk
2026-04-25 20:41:40,774 - INFO - CMD: yt-dlp --newline --no-warnings --cookies-from-browser brave --js-runtimes node --remote-components ejs:github -o /Users/dineshmore/yt-dlp-video-downloader/%(title)s.%(ext)s -f bv*+ba/best https://www.youtube.com/watch?v=FV-715D-Buk
2026-04-25 20:41:41,065 - INFO - Extracting cookies from brave
2026-04-25 20:41:41,065 - INFO - 127.0.0.1 - - [25/Apr/2026 20:41:41] "GET /download?url=https://www.youtube.com/watch?v%3DFV-715D-Buk&format_id=best&mode=smart HTTP/1.1" 200 -
2026-04-25 20:41:41,929 - INFO - Extracted 454 cookies from brave
2026-04-25 20:41:41,937 - INFO - [youtube] Extracting URL: https://www.youtube.com/watch?v=FV-715D-Buk
2026-04-25 20:41:41,939 - INFO - [youtube] FV-715D-Buk: Downloading webpage
2026-04-25 20:41:43,536 - INFO - [youtube] FV-715D-Buk: Downloading tv downgraded player API JSON
2026-04-25 20:41:44,427 - INFO - [youtube] FV-715D-Buk: Downloading player 8456c9de-main
2026-04-25 20:41:45,116 - INFO - [youtube] [jsc:node] Solving JS challenges using node
2026-04-25 20:41:45,748 - INFO - [youtube] FV-715D-Buk: Downloading m3u8 information
2026-04-25 20:41:46,735 - INFO - [info] FV-715D-Buk: Downloading 1 format(s): 399+251-7
2026-04-25 20:41:46,764 - INFO - [download] /Users/dineshmore/yt-dlp-video-downloader/Top Gun and Top Gun： Maverick ｜ Official Trailer ｜ Experience It In IMAX®.webm has already been downloaded
2026-04-25 20:41:46,839 - INFO - Download completed
2026-04-25 20:41:49,850 - INFO - Download started: https://www.youtube.com/watch?v=FV-715D-Buk
2026-04-25 20:41:49,850 - INFO - CMD: yt-dlp --newline --no-warnings --cookies-from-browser brave --js-runtimes node --remote-components ejs:github -o /Users/dineshmore/yt-dlp-video-downloader/%(title)s.%(ext)s -f bv*+ba/best https://www.youtube.com/watch?v=FV-715D-Buk
2026-04-25 20:41:50,098 - INFO - Extracting cookies from brave
2026-04-25 20:41:50,098 - INFO - 127.0.0.1 - - [25/Apr/2026 20:41:50] "GET /download?url=https://www.youtube.com/watch?v%3DFV-715D-Buk&format_id=best&mode=smart HTTP/1.1" 200 -
2026-04-25 20:41:50,963 - INFO - Extracted 454 cookies from brave
2026-04-25 20:41:50,970 - INFO - [youtube] Extracting URL: https://www.youtube.com/watch?v=FV-715D-Buk
2026-04-25 20:41:50,973 - INFO - [youtube] FV-715D-Buk: Downloading webpage
2026-04-25 20:41:52,808 - INFO - [youtube] FV-715D-Buk: Downloading tv downgraded player API JSON
2026-04-25 20:41:53,432 - INFO - [youtube] FV-715D-Buk: Downloading player 8456c9de-main
2026-04-25 20:41:54,057 - INFO - [youtube] [jsc:node] Solving JS challenges using node
2026-04-25 20:41:54,675 - INFO - [youtube] FV-715D-Buk: Downloading m3u8 information
2026-04-25 20:41:55,258 - INFO - [info] FV-715D-Buk: Downloading 1 format(s): 399+251-7
2026-04-25 20:41:55,287 - INFO - [download] /Users/dineshmore/yt-dlp-video-downloader/Top Gun and Top Gun： Maverick ｜ Official Trailer ｜ Experience It In IMAX®.webm has already been downloaded
2026-04-25 20:41:55,363 - INFO - Download completed
2026-04-25 20:41:58,372 - INFO - Download started: https://www.youtube.com/watch?v=FV-715D-Buk
2026-04-25 20:41:58,373 - INFO - CMD: yt-dlp --newline --no-warnings --cookies-from-browser brave --js-runtimes node --remote-components ejs:github -o /Users/dineshmore/yt-dlp-video-downloader/%(title)s.%(ext)s -f bv*+ba/best https://www.youtube.com/watch?v=FV-715D-Buk
2026-04-25 20:41:58,623 - INFO - Extracting cookies from brave
2026-04-25 20:41:58,624 - INFO - 127.0.0.1 - - [25/Apr/2026 20:41:58] "GET /download?url=https://www.youtube.com/watch?v%3DFV-715D-Buk&format_id=best&mode=smart HTTP/1.1" 200 -
2026-04-25 20:41:59,485 - INFO - Extracted 454 cookies from brave
2026-04-25 20:41:59,492 - INFO - [youtube] Extracting URL: https://www.youtube.com/watch?v=FV-715D-Buk
2026-04-25 20:41:59,495 - INFO - [youtube] FV-715D-Buk: Downloading webpage
2026-04-25 20:42:01,226 - INFO - [youtube] FV-715D-Buk: Downloading tv downgraded player API JSON
2026-04-25 20:42:01,766 - INFO - [youtube] FV-715D-Buk: Downloading player 8456c9de-main
2026-04-25 20:42:02,406 - INFO - [youtube] [jsc:node] Solving JS challenges using node
2026-04-25 20:42:03,052 - INFO - [youtube] FV-715D-Buk: Downloading m3u8 information
2026-04-25 20:42:03,932 - INFO - [info] FV-715D-Buk: Downloading 1 format(s): 399+251-7
2026-04-25 20:42:03,961 - INFO - [download] /Users/dineshmore/yt-dlp-video-downloader/Top Gun and Top Gun： Maverick ｜ Official Trailer ｜ Experience It In IMAX®.webm has already been downloaded
2026-04-25 20:42:04,118 - INFO - Download completed
2026-04-25 20:42:07,129 - INFO - Download started: https://www.youtube.com/watch?v=FV-715D-Buk
2026-04-25 20:42:07,129 - INFO - CMD: yt-dlp --newline --no-warnings --cookies-from-browser brave --js-runtimes node --remote-components ejs:github -o /Users/dineshmore/yt-dlp-video-downloader/%(title)s.%(ext)s -f bv*+ba/best https://www.youtube.com/watch?v=FV-715D-Buk
2026-04-25 20:42:07,394 - INFO - Extracting cookies from brave
2026-04-25 20:42:07,394 - INFO - 127.0.0.1 - - [25/Apr/2026 20:42:07] "GET /download?url=https://www.youtube.com/watch?v%3DFV-715D-Buk&format_id=best&mode=smart HTTP/1.1" 200 -
2026-04-25 20:42:08,269 - INFO - Extracted 455 cookies from brave
2026-04-25 20:42:08,279 - INFO - [youtube] Extracting URL: https://www.youtube.com/watch?v=FV-715D-Buk
2026-04-25 20:42:08,279 - INFO - [youtube] FV-715D-Buk: Downloading webpage
2026-04-25 20:42:11,250 - INFO - [youtube] FV-715D-Buk: Downloading tv downgraded player API JSON
2026-04-25 20:42:11,999 - INFO - [youtube] FV-715D-Buk: Downloading player 8456c9de-main
2026-04-25 20:42:12,727 - INFO - [youtube] [jsc:node] Solving JS challenges using node
2026-04-25 20:42:13,520 - INFO - [youtube] FV-715D-Buk: Downloading m3u8 information
2026-04-25 20:42:14,789 - INFO - [info] FV-715D-Buk: Downloading 1 format(s): 399+251-7
2026-04-25 20:42:14,818 - INFO - [download] /Users/dineshmore/yt-dlp-video-downloader/Top Gun and Top Gun： Maverick ｜ Official Trailer ｜ Experience It In IMAX®.webm has already been downloaded
2026-04-25 20:42:14,893 - INFO - Download completed
2026-04-25 20:42:17,902 - INFO - Download started: https://www.youtube.com/watch?v=FV-715D-Buk
2026-04-25 20:42:17,902 - INFO - CMD: yt-dlp --newline --no-warnings --cookies-from-browser brave --js-runtimes node --remote-components ejs:github -o /Users/dineshmore/yt-dlp-video-downloader/%(title)s.%(ext)s -f bv*+ba/best https://www.youtube.com/watch?v=FV-715D-Buk
2026-04-25 20:42:18,156 - INFO - Extracting cookies from brave
2026-04-25 20:42:18,156 - INFO - 127.0.0.1 - - [25/Apr/2026 20:42:18] "GET /download?url=https://www.youtube.com/watch?v%3DFV-715D-Buk&format_id=best&mode=smart HTTP/1.1" 200 -
2026-04-25 20:42:19,030 - INFO - Extracted 454 cookies from brave
2026-04-25 20:42:19,036 - INFO - [youtube] Extracting URL: https://www.youtube.com/watch?v=FV-715D-Buk
2026-04-25 20:42:19,039 - INFO - [youtube] FV-715D-Buk: Downloading webpage
2026-04-25 20:42:20,735 - INFO - [youtube] FV-715D-Buk: Downloading tv downgraded player API JSON
2026-04-25 20:42:21,393 - INFO - [youtube] FV-715D-Buk: Downloading player 8456c9de-main
2026-04-25 20:42:22,020 - INFO - [youtube] [jsc:node] Solving JS challenges using node
2026-04-25 20:42:22,596 - INFO - [youtube] FV-715D-Buk: Downloading m3u8 information
2026-04-25 20:42:23,692 - INFO - [info] FV-715D-Buk: Downloading 1 format(s): 399+251-7
2026-04-25 20:42:23,721 - INFO - [download] /Users/dineshmore/yt-dlp-video-downloader/Top Gun and Top Gun： Maverick ｜ Official Trailer ｜ Experience It In IMAX®.webm has already been downloaded
2026-04-25 20:42:23,797 - INFO - Download completed
2026-04-25 20:42:26,806 - INFO - Download started: https://www.youtube.com/watch?v=FV-715D-Buk
2026-04-25 20:42:26,806 - INFO - CMD: yt-dlp --newline --no-warnings --cookies-from-browser brave --js-runtimes node --remote-components ejs:github -o /Users/dineshmore/yt-dlp-video-downloader/%(title)s.%(ext)s -f bv*+ba/best https://www.youtube.com/watch?v=FV-715D-Buk
2026-04-25 20:42:27,054 - INFO - Extracting cookies from brave
2026-04-25 20:42:27,054 - INFO - 127.0.0.1 - - [25/Apr/2026 20:42:27] "GET /download?url=https://www.youtube.com/watch?v%3DFV-715D-Buk&format_id=best&mode=smart HTTP/1.1" 200 -
2026-04-25 20:42:27,921 - INFO - Extracted 454 cookies from brave
2026-04-25 20:42:27,928 - INFO - [youtube] Extracting URL: https://www.youtube.com/watch?v=FV-715D-Buk
2026-04-25 20:42:27,931 - INFO - [youtube] FV-715D-Buk: Downloading webpage
2026-04-25 20:42:29,431 - INFO - [youtube] FV-715D-Buk: Downloading tv downgraded player API JSON
2026-04-25 20:42:30,181 - INFO - [youtube] FV-715D-Buk: Downloading player 8456c9de-main
2026-04-25 20:42:31,238 - INFO - [youtube] [jsc:node] Solving JS challenges using node
2026-04-25 20:42:31,875 - INFO - [youtube] FV-715D-Buk: Downloading m3u8 information
2026-04-25 20:42:32,840 - INFO - [info] FV-715D-Buk: Downloading 1 format(s): 399+251-7
2026-04-25 20:42:32,870 - INFO - [download] /Users/dineshmore/yt-dlp-video-downloader/Top Gun and Top Gun： Maverick ｜ Official Trailer ｜ Experience It In IMAX®.webm has already been downloaded
2026-04-25 20:42:32,948 - INFO - Download completed
2026-04-25 20:42:35,959 - INFO - Download started: https://www.youtube.com/watch?v=FV-715D-Buk
2026-04-25 20:42:35,960 - INFO - CMD: yt-dlp --newline --no-warnings --cookies-from-browser brave --js-runtimes node --remote-components ejs:github -o /Users/dineshmore/yt-dlp-video-downloader/%(title)s.%(ext)s -f bv*+ba/best https://www.youtube.com/watch?v=FV-715D-Buk
2026-04-25 20:42:36,213 - INFO - Extracting cookies from brave
2026-04-25 20:42:36,214 - INFO - 127.0.0.1 - - [25/Apr/2026 20:42:36] "GET /download?url=https://www.youtube.com/watch?v%3DFV-715D-Buk&format_id=best&mode=smart HTTP/1.1" 200 -
2026-04-25 20:42:37,098 - INFO - Extracted 454 cookies from brave
2026-04-25 20:42:37,105 - INFO - [youtube] Extracting URL: https://www.youtube.com/watch?v=FV-715D-Buk
2026-04-25 20:42:37,108 - INFO - [youtube] FV-715D-Buk: Downloading webpage
2026-04-25 20:42:39,264 - INFO - [youtube] FV-715D-Buk: Downloading tv downgraded player API JSON
2026-04-25 20:42:39,805 - INFO - [youtube] FV-715D-Buk: Downloading player 8456c9de-main
2026-04-25 20:42:40,408 - INFO - [youtube] [jsc:node] Solving JS challenges using node
2026-04-25 20:42:41,008 - INFO - [youtube] FV-715D-Buk: Downloading m3u8 information
2026-04-25 20:42:41,918 - INFO - [info] FV-715D-Buk: Downloading 1 format(s): 399+251-7
2026-04-25 20:42:41,947 - INFO - [download] /Users/dineshmore/yt-dlp-video-downloader/Top Gun and Top Gun： Maverick ｜ Official Trailer ｜ Experience It In IMAX®.webm has already been downloaded
2026-04-25 20:42:42,026 - INFO - Download completed
2026-04-25 20:42:45,035 - INFO - Download started: https://www.youtube.com/watch?v=FV-715D-Buk
2026-04-25 20:42:45,035 - INFO - CMD: yt-dlp --newline --no-warnings --cookies-from-browser brave --js-runtimes node --remote-components ejs:github -o /Users/dineshmore/yt-dlp-video-downloader/%(title)s.%(ext)s -f bv*+ba/best https://www.youtube.com/watch?v=FV-715D-Buk
2026-04-25 20:42:45,281 - INFO - Extracting cookies from brave
2026-04-25 20:42:45,281 - INFO - 127.0.0.1 - - [25/Apr/2026 20:42:45] "GET /download?url=https://www.youtube.com/watch?v%3DFV-715D-Buk&format_id=best&mode=smart HTTP/1.1" 200 -
2026-04-25 20:42:46,147 - INFO - Extracted 454 cookies from brave
2026-04-25 20:42:46,154 - INFO - [youtube] Extracting URL: https://www.youtube.com/watch?v=FV-715D-Buk
2026-04-25 20:42:46,157 - INFO - [youtube] FV-715D-Buk: Downloading webpage
2026-04-25 20:42:49,370 - INFO - [youtube] FV-715D-Buk: Downloading tv downgraded player API JSON
2026-04-25 20:42:49,944 - INFO - [youtube] FV-715D-Buk: Downloading player 8456c9de-main
2026-04-25 20:42:50,654 - INFO - [youtube] [jsc:node] Solving JS challenges using node
2026-04-25 20:42:51,270 - INFO - [youtube] FV-715D-Buk: Downloading m3u8 information
2026-04-25 20:42:51,819 - INFO - [info] FV-715D-Buk: Downloading 1 format(s): 399+251-7
2026-04-25 20:42:51,848 - INFO - [download] /Users/dineshmore/yt-dlp-video-downloader/Top Gun and Top Gun： Maverick ｜ Official Trailer ｜ Experience It In IMAX®.webm has already been downloaded
2026-04-25 20:42:51,923 - INFO - Download completed
2026-04-25 20:42:54,934 - INFO - Download started: https://www.youtube.com/watch?v=FV-715D-Buk
2026-04-25 20:42:54,935 - INFO - CMD: yt-dlp --newline --no-warnings --cookies-from-browser brave --js-runtimes node --remote-components ejs:github -o /Users/dineshmore/yt-dlp-video-downloader/%(title)s.%(ext)s -f bv*+ba/best https://www.youtube.com/watch?v=FV-715D-Buk
2026-04-25 20:42:55,187 - INFO - Extracting cookies from brave
2026-04-25 20:42:55,187 - INFO - 127.0.0.1 - - [25/Apr/2026 20:42:55] "GET /download?url=https://www.youtube.com/watch?v%3DFV-715D-Buk&format_id=best&mode=smart HTTP/1.1" 200 -
2026-04-25 20:42:56,058 - INFO - Extracted 454 cookies from brave
2026-04-25 20:42:56,064 - INFO - [youtube] Extracting URL: https://www.youtube.com/watch?v=FV-715D-Buk
2026-04-25 20:42:56,067 - INFO - [youtube] FV-715D-Buk: Downloading webpage
2026-04-25 20:42:57,714 - INFO - [youtube] FV-715D-Buk: Downloading tv downgraded player API JSON
2026-04-25 20:42:58,260 - INFO - [youtube] FV-715D-Buk: Downloading player 8456c9de-main
2026-04-25 20:42:59,161 - INFO - [youtube] [jsc:node] Solving JS challenges using node
2026-04-25 20:42:59,739 - INFO - [youtube] FV-715D-Buk: Downloading m3u8 information
2026-04-25 20:43:00,758 - INFO - [info] FV-715D-Buk: Downloading 1 format(s): 399+251-7
2026-04-25 20:43:00,787 - INFO - [download] /Users/dineshmore/yt-dlp-video-downloader/Top Gun and Top Gun： Maverick ｜ Official Trailer ｜ Experience It In IMAX®.webm has already been downloaded
2026-04-25 20:43:00,862 - INFO - Download completed
2026-04-25 20:43:03,873 - INFO - Download started: https://www.youtube.com/watch?v=FV-715D-Buk
2026-04-25 20:43:03,873 - INFO - CMD: yt-dlp --newline --no-warnings --cookies-from-browser brave --js-runtimes node --remote-components ejs:github -o /Users/dineshmore/yt-dlp-video-downloader/%(title)s.%(ext)s -f bv*+ba/best https://www.youtube.com/watch?v=FV-715D-Buk
2026-04-25 20:43:04,120 - INFO - Extracting cookies from brave
2026-04-25 20:43:04,121 - INFO - 127.0.0.1 - - [25/Apr/2026 20:43:04] "GET /download?url=https://www.youtube.com/watch?v%3DFV-715D-Buk&format_id=best&mode=smart HTTP/1.1" 200 -
2026-04-25 20:43:04,990 - INFO - Extracted 454 cookies from brave
2026-04-25 20:43:04,996 - INFO - [youtube] Extracting URL: https://www.youtube.com/watch?v=FV-715D-Buk
2026-04-25 20:43:04,999 - INFO - [youtube] FV-715D-Buk: Downloading webpage
2026-04-25 20:43:06,862 - INFO - [youtube] FV-715D-Buk: Downloading tv downgraded player API JSON
2026-04-25 20:43:07,480 - INFO - [youtube] FV-715D-Buk: Downloading player 8456c9de-main
2026-04-25 20:43:08,309 - INFO - [youtube] [jsc:node] Solving JS challenges using node
2026-04-25 20:43:08,959 - INFO - [youtube] FV-715D-Buk: Downloading m3u8 information
2026-04-25 20:43:09,586 - INFO - [info] FV-715D-Buk: Downloading 1 format(s): 399+251-7
2026-04-25 20:43:09,615 - INFO - [download] /Users/dineshmore/yt-dlp-video-downloader/Top Gun and Top Gun： Maverick ｜ Official Trailer ｜ Experience It In IMAX®.webm has already been downloaded
2026-04-25 20:43:09,692 - INFO - Download completed
2026-04-25 20:43:12,704 - INFO - Download started: https://www.youtube.com/watch?v=FV-715D-Buk
2026-04-25 20:43:12,704 - INFO - CMD: yt-dlp --newline --no-warnings --cookies-from-browser brave --js-runtimes node --remote-components ejs:github -o /Users/dineshmore/yt-dlp-video-downloader/%(title)s.%(ext)s -f bv*+ba/best https://www.youtube.com/watch?v=FV-715D-Buk
2026-04-25 20:43:12,960 - INFO - Extracting cookies from brave
2026-04-25 20:43:12,960 - INFO - 127.0.0.1 - - [25/Apr/2026 20:43:12] "GET /download?url=https://www.youtube.com/watch?v%3DFV-715D-Buk&format_id=best&mode=smart HTTP/1.1" 200 -
2026-04-25 20:43:13,834 - INFO - Extracted 455 cookies from brave
2026-04-25 20:43:13,844 - INFO - [youtube] Extracting URL: https://www.youtube.com/watch?v=FV-715D-Buk
2026-04-25 20:43:13,845 - INFO - [youtube] FV-715D-Buk: Downloading webpage
2026-04-25 20:43:15,397 - INFO - [youtube] FV-715D-Buk: Downloading tv downgraded player API JSON
2026-04-25 20:43:15,934 - INFO - [youtube] FV-715D-Buk: Downloading player 8456c9de-main
2026-04-25 20:43:16,548 - INFO - [youtube] [jsc:node] Solving JS challenges using node
2026-04-25 20:43:17,201 - INFO - [youtube] FV-715D-Buk: Downloading m3u8 information
2026-04-25 20:43:18,071 - INFO - [info] FV-715D-Buk: Downloading 1 format(s): 399+251-7
2026-04-25 20:43:18,100 - INFO - [download] /Users/dineshmore/yt-dlp-video-downloader/Top Gun and Top Gun： Maverick ｜ Official Trailer ｜ Experience It In IMAX®.webm has already been downloaded
2026-04-25 20:43:18,175 - INFO - Download completed
2026-04-25 20:43:21,188 - INFO - Download started: https://www.youtube.com/watch?v=FV-715D-Buk
2026-04-25 20:43:21,188 - INFO - CMD: yt-dlp --newline --no-warnings --cookies-from-browser brave --js-runtimes node --remote-components ejs:github -o /Users/dineshmore/yt-dlp-video-downloader/%(title)s.%(ext)s -f bv*+ba/best https://www.youtube.com/watch?v=FV-715D-Buk
2026-04-25 20:43:21,434 - INFO - Extracting cookies from brave
2026-04-25 20:43:21,434 - INFO - 127.0.0.1 - - [25/Apr/2026 20:43:21] "GET /download?url=https://www.youtube.com/watch?v%3DFV-715D-Buk&format_id=best&mode=smart HTTP/1.1" 200 -
2026-04-25 20:43:22,301 - INFO - Extracted 454 cookies from brave
2026-04-25 20:43:22,308 - INFO - [youtube] Extracting URL: https://www.youtube.com/watch?v=FV-715D-Buk
2026-04-25 20:43:22,310 - INFO - [youtube] FV-715D-Buk: Downloading webpage
2026-04-25 20:43:23,784 - INFO - [youtube] FV-715D-Buk: Downloading tv downgraded player API JSON
2026-04-25 20:43:24,389 - INFO - [youtube] FV-715D-Buk: Downloading player 8456c9de-main
2026-04-25 20:43:25,011 - INFO - [youtube] [jsc:node] Solving JS challenges using node
2026-04-25 20:43:25,642 - INFO - [youtube] FV-715D-Buk: Downloading m3u8 information
2026-04-25 20:43:26,571 - INFO - [info] FV-715D-Buk: Downloading 1 format(s): 399+251-7
2026-04-25 20:43:26,600 - INFO - [download] /Users/dineshmore/yt-dlp-video-downloader/Top Gun and Top Gun： Maverick ｜ Official Trailer ｜ Experience It In IMAX®.webm has already been downloaded
2026-04-25 20:43:26,675 - INFO - Download completed
2026-04-25 20:43:29,686 - INFO - Download started: https://www.youtube.com/watch?v=FV-715D-Buk
2026-04-25 20:43:29,686 - INFO - CMD: yt-dlp --newline --no-warnings --cookies-from-browser brave --js-runtimes node --remote-components ejs:github -o /Users/dineshmore/yt-dlp-video-downloader/%(title)s.%(ext)s -f bv*+ba/best https://www.youtube.com/watch?v=FV-715D-Buk
2026-04-25 20:43:29,925 - INFO - Extracting cookies from brave
2026-04-25 20:43:29,926 - INFO - 127.0.0.1 - - [25/Apr/2026 20:43:29] "GET /download?url=https://www.youtube.com/watch?v%3DFV-715D-Buk&format_id=best&mode=smart HTTP/1.1" 200 -
2026-04-25 20:43:30,803 - INFO - Extracted 454 cookies from brave
2026-04-25 20:43:30,810 - INFO - [youtube] Extracting URL: https://www.youtube.com/watch?v=FV-715D-Buk
2026-04-25 20:43:30,813 - INFO - [youtube] FV-715D-Buk: Downloading webpage
2026-04-25 20:43:32,321 - INFO - [youtube] FV-715D-Buk: Downloading tv downgraded player API JSON
2026-04-25 20:43:32,932 - INFO - [youtube] FV-715D-Buk: Downloading player 8456c9de-main
2026-04-25 20:43:33,561 - INFO - [youtube] [jsc:node] Solving JS challenges using node
2026-04-25 20:43:34,191 - INFO - [youtube] FV-715D-Buk: Downloading m3u8 information
2026-04-25 20:43:35,160 - INFO - [info] FV-715D-Buk: Downloading 1 format(s): 399+251-7
2026-04-25 20:43:35,189 - INFO - [download] /Users/dineshmore/yt-dlp-video-downloader/Top Gun and Top Gun： Maverick ｜ Official Trailer ｜ Experience It In IMAX®.webm has already been downloaded
2026-04-25 20:43:35,266 - INFO - Download completed
2026-04-25 20:43:38,274 - INFO - Download started: https://www.youtube.com/watch?v=FV-715D-Buk
2026-04-25 20:43:38,274 - INFO - CMD: yt-dlp --newline --no-warnings --cookies-from-browser brave --js-runtimes node --remote-components ejs:github -o /Users/dineshmore/yt-dlp-video-downloader/%(title)s.%(ext)s -f bv*+ba/best https://www.youtube.com/watch?v=FV-715D-Buk
2026-04-25 20:43:38,518 - INFO - Extracting cookies from brave
2026-04-25 20:43:38,518 - INFO - 127.0.0.1 - - [25/Apr/2026 20:43:38] "GET /download?url=https://www.youtube.com/watch?v%3DFV-715D-Buk&format_id=best&mode=smart HTTP/1.1" 200 -
2026-04-25 20:43:39,383 - INFO - Extracted 454 cookies from brave
2026-04-25 20:43:39,390 - INFO - [youtube] Extracting URL: https://www.youtube.com/watch?v=FV-715D-Buk
2026-04-25 20:43:39,393 - INFO - [youtube] FV-715D-Buk: Downloading webpage
2026-04-25 20:43:40,949 - INFO - [youtube] FV-715D-Buk: Downloading tv downgraded player API JSON
2026-04-25 20:43:41,737 - INFO - [youtube] FV-715D-Buk: Downloading player 8456c9de-main
2026-04-25 20:43:42,318 - INFO - [youtube] [jsc:node] Solving JS challenges using node
2026-04-25 20:43:42,908 - INFO - [youtube] FV-715D-Buk: Downloading m3u8 information
2026-04-25 20:43:43,775 - INFO - [info] FV-715D-Buk: Downloading 1 format(s): 399+251-7
2026-04-25 20:43:43,804 - INFO - [download] /Users/dineshmore/yt-dlp-video-downloader/Top Gun and Top Gun： Maverick ｜ Official Trailer ｜ Experience It In IMAX®.webm has already been downloaded
2026-04-25 20:43:43,880 - INFO - Download completed
2026-04-25 20:43:46,886 - INFO - Download started: https://www.youtube.com/watch?v=FV-715D-Buk
2026-04-25 20:43:46,887 - INFO - CMD: yt-dlp --newline --no-warnings --cookies-from-browser brave --js-runtimes node --remote-components ejs:github -o /Users/dineshmore/yt-dlp-video-downloader/%(title)s.%(ext)s -f bv*+ba/best https://www.youtube.com/watch?v=FV-715D-Buk
2026-04-25 20:43:47,137 - INFO - Extracting cookies from brave
2026-04-25 20:43:47,137 - INFO - 127.0.0.1 - - [25/Apr/2026 20:43:47] "GET /download?url=https://www.youtube.com/watch?v%3DFV-715D-Buk&format_id=best&mode=smart HTTP/1.1" 200 -
2026-04-25 20:43:48,014 - INFO - Extracted 454 cookies from brave
2026-04-25 20:43:48,021 - INFO - [youtube] Extracting URL: https://www.youtube.com/watch?v=FV-715D-Buk
2026-04-25 20:43:48,024 - INFO - [youtube] FV-715D-Buk: Downloading webpage
2026-04-25 20:43:49,597 - INFO - [youtube] FV-715D-Buk: Downloading tv downgraded player API JSON
2026-04-25 20:43:50,190 - INFO - [youtube] FV-715D-Buk: Downloading player 8456c9de-main
2026-04-25 20:43:50,775 - INFO - [youtube] [jsc:node] Solving JS challenges using node
2026-04-25 20:43:51,431 - INFO - [youtube] FV-715D-Buk: Downloading m3u8 information
2026-04-25 20:43:52,181 - INFO - [info] FV-715D-Buk: Downloading 1 format(s): 399+251-7
2026-04-25 20:43:52,212 - INFO - [download] /Users/dineshmore/yt-dlp-video-downloader/Top Gun and Top Gun： Maverick ｜ Official Trailer ｜ Experience It In IMAX®.webm has already been downloaded
2026-04-25 20:43:52,300 - INFO - Download completed
2026-04-25 20:43:55,305 - INFO - Download started: https://www.youtube.com/watch?v=FV-715D-Buk
2026-04-25 20:43:55,305 - INFO - CMD: yt-dlp --newline --no-warnings --cookies-from-browser brave --js-runtimes node --remote-components ejs:github -o /Users/dineshmore/yt-dlp-video-downloader/%(title)s.%(ext)s -f bv*+ba/best https://www.youtube.com/watch?v=FV-715D-Buk
2026-04-25 20:43:55,539 - INFO - Extracting cookies from brave
2026-04-25 20:43:55,540 - INFO - 127.0.0.1 - - [25/Apr/2026 20:43:55] "GET /download?url=https://www.youtube.com/watch?v%3DFV-715D-Buk&format_id=best&mode=smart HTTP/1.1" 200 -
2026-04-25 20:43:56,486 - INFO - Extracted 454 cookies from brave
2026-04-25 20:43:56,493 - INFO - [youtube] Extracting URL: https://www.youtube.com/watch?v=FV-715D-Buk
2026-04-25 20:43:56,497 - INFO - [youtube] FV-715D-Buk: Downloading webpage
2026-04-25 20:43:57,945 - INFO - [youtube] FV-715D-Buk: Downloading tv downgraded player API JSON
2026-04-25 20:43:58,609 - INFO - [youtube] FV-715D-Buk: Downloading player 8456c9de-main
2026-04-25 20:43:59,452 - INFO - [youtube] [jsc:node] Solving JS challenges using node
2026-04-25 20:44:00,086 - INFO - [youtube] FV-715D-Buk: Downloading m3u8 information
2026-04-25 20:44:01,084 - INFO - [info] FV-715D-Buk: Downloading 1 format(s): 399+251-7
2026-04-25 20:44:01,113 - INFO - [download] /Users/dineshmore/yt-dlp-video-downloader/Top Gun and Top Gun： Maverick ｜ Official Trailer ｜ Experience It In IMAX®.webm has already been downloaded
2026-04-25 20:44:01,188 - INFO - Download completed
2026-04-25 20:44:04,196 - INFO - Download started: https://www.youtube.com/watch?v=FV-715D-Buk
2026-04-25 20:44:04,197 - INFO - CMD: yt-dlp --newline --no-warnings --cookies-from-browser brave --js-runtimes node --remote-components ejs:github -o /Users/dineshmore/yt-dlp-video-downloader/%(title)s.%(ext)s -f bv*+ba/best https://www.youtube.com/watch?v=FV-715D-Buk
2026-04-25 20:44:04,452 - INFO - Extracting cookies from brave
2026-04-25 20:44:04,452 - INFO - 127.0.0.1 - - [25/Apr/2026 20:44:04] "GET /download?url=https://www.youtube.com/watch?v%3DFV-715D-Buk&format_id=best&mode=smart HTTP/1.1" 200 -
2026-04-25 20:44:05,353 - INFO - Extracted 454 cookies from brave
2026-04-25 20:44:05,361 - INFO - [youtube] Extracting URL: https://www.youtube.com/watch?v=FV-715D-Buk
2026-04-25 20:44:05,365 - INFO - [youtube] FV-715D-Buk: Downloading webpage
2026-04-25 20:44:07,248 - INFO - [youtube] FV-715D-Buk: Downloading tv downgraded player API JSON
2026-04-25 20:44:07,810 - INFO - [youtube] FV-715D-Buk: Downloading player 8456c9de-main
2026-04-25 20:44:08,418 - INFO - [youtube] [jsc:node] Solving JS challenges using node
2026-04-25 20:44:09,071 - INFO - [youtube] FV-715D-Buk: Downloading m3u8 information
2026-04-25 20:44:09,987 - INFO - [info] FV-715D-Buk: Downloading 1 format(s): 399+251-7
2026-04-25 20:44:10,017 - INFO - [download] /Users/dineshmore/yt-dlp-video-downloader/Top Gun and Top Gun： Maverick ｜ Official Trailer ｜ Experience It In IMAX®.webm has already been downloaded
2026-04-25 20:44:10,093 - INFO - Download completed
2026-04-25 20:44:13,105 - INFO - Download started: https://www.youtube.com/watch?v=FV-715D-Buk
2026-04-25 20:44:13,106 - INFO - CMD: yt-dlp --newline --no-warnings --cookies-from-browser brave --js-runtimes node --remote-components ejs:github -o /Users/dineshmore/yt-dlp-video-downloader/%(title)s.%(ext)s -f bv*+ba/best https://www.youtube.com/watch?v=FV-715D-Buk
2026-04-25 20:44:13,354 - INFO - Extracting cookies from brave
2026-04-25 20:44:13,354 - INFO - 127.0.0.1 - - [25/Apr/2026 20:44:13] "GET /download?url=https://www.youtube.com/watch?v%3DFV-715D-Buk&format_id=best&mode=smart HTTP/1.1" 200 -
2026-04-25 20:44:14,274 - INFO - Extracted 455 cookies from brave
2026-04-25 20:44:14,284 - INFO - [youtube] Extracting URL: https://www.youtube.com/watch?v=FV-715D-Buk
2026-04-25 20:44:14,284 - INFO - [youtube] FV-715D-Buk: Downloading webpage
2026-04-25 20:44:16,068 - INFO - [youtube] FV-715D-Buk: Downloading tv downgraded player API JSON
2026-04-25 20:44:16,643 - INFO - [youtube] FV-715D-Buk: Downloading player 8456c9de-main
2026-04-25 20:44:17,464 - INFO - [youtube] [jsc:node] Solving JS challenges using node
2026-04-25 20:44:18,119 - INFO - [youtube] FV-715D-Buk: Downloading m3u8 information
2026-04-25 20:44:19,096 - INFO - [info] FV-715D-Buk: Downloading 1 format(s): 399+251-7
2026-04-25 20:44:19,125 - INFO - [download] /Users/dineshmore/yt-dlp-video-downloader/Top Gun and Top Gun： Maverick ｜ Official Trailer ｜ Experience It In IMAX®.webm has already been downloaded
2026-04-25 20:44:19,208 - INFO - Download completed
2026-04-25 20:44:22,218 - INFO - Download started: https://www.youtube.com/watch?v=FV-715D-Buk
2026-04-25 20:44:22,218 - INFO - CMD: yt-dlp --newline --no-warnings --cookies-from-browser brave --js-runtimes node --remote-components ejs:github -o /Users/dineshmore/yt-dlp-video-downloader/%(title)s.%(ext)s -f bv*+ba/best https://www.youtube.com/watch?v=FV-715D-Buk
2026-04-25 20:44:22,470 - INFO - Extracting cookies from brave
2026-04-25 20:44:22,470 - INFO - 127.0.0.1 - - [25/Apr/2026 20:44:22] "GET /download?url=https://www.youtube.com/watch?v%3DFV-715D-Buk&format_id=best&mode=smart HTTP/1.1" 200 -
2026-04-25 20:44:23,382 - INFO - Extracted 454 cookies from brave
2026-04-25 20:44:23,389 - INFO - [youtube] Extracting URL: https://www.youtube.com/watch?v=FV-715D-Buk
2026-04-25 20:44:23,392 - INFO - [youtube] FV-715D-Buk: Downloading webpage
2026-04-25 20:44:25,398 - INFO - [youtube] FV-715D-Buk: Downloading tv downgraded player API JSON
2026-04-25 20:44:25,887 - INFO -  * Detected change in '/Users/dineshmore/yt-dlp-video-downloader/app.py', reloading
2026-04-25 20:44:25,934 - INFO -  * Restarting with stat
2026-04-25 20:44:26,095 - WARNING -  * Debugger is active!
2026-04-25 20:44:26,111 - INFO -  * Debugger PIN: 106-731-306
2026-04-25 20:44:28,943 - INFO - START: https://www.youtube.com/watch?v=FV-715D-Buk
2026-04-25 20:44:28,944 - INFO - CMD: yt-dlp --newline --no-warnings -f best+bestaudio/best --merge-output-format mp4 -o /Users/dineshmore/yt-dlp-video-downloader/%(title)s.%(ext)s https://www.youtube.com/watch?v=FV-715D-Buk
2026-04-25 20:44:28,944 - INFO - 127.0.0.1 - - [25/Apr/2026 20:44:28] "GET /download?url=https://www.youtube.com/watch?v%3DFV-715D-Buk&format_id=best&mode=smart HTTP/1.1" 200 -
2026-04-25 20:44:29,199 - INFO - [youtube] Extracting URL: https://www.youtube.com/watch?v=FV-715D-Buk
2026-04-25 20:44:29,199 - INFO - [youtube] FV-715D-Buk: Downloading webpage
2026-04-25 20:44:30,245 - INFO - [youtube] FV-715D-Buk: Downloading android vr player API JSON
2026-04-25 20:44:30,746 - INFO - [info] FV-715D-Buk: Downloading 1 format(s): 18
2026-04-25 20:44:30,979 - INFO - [download] Destination: /Users/dineshmore/yt-dlp-video-downloader/Top Gun and Top Gun： Maverick ｜ Official Trailer ｜ Experience It In IMAX®.mp4
2026-04-25 20:44:30,980 - INFO - [download]   0.0% of    5.85MiB at   88.79KiB/s ETA 01:07
2026-04-25 20:44:30,981 - INFO - [download]   0.1% of    5.85MiB at  241.04KiB/s ETA 00:24
2026-04-25 20:44:30,981 - INFO - [download]   0.1% of    5.85MiB at  529.38KiB/s ETA 00:11
2026-04-25 20:44:30,982 - INFO - [download]   0.3% of    5.85MiB at    1.05MiB/s ETA 00:05
2026-04-25 20:44:31,014 - INFO - [download]   0.5% of    5.85MiB at  682.34KiB/s ETA 00:08
2026-04-25 20:44:31,062 - INFO - [download]   1.1% of    5.85MiB at  678.35KiB/s ETA 00:08
2026-04-25 20:44:31,102 - INFO - [download]   2.1% of    5.85MiB at  953.40KiB/s ETA 00:06
2026-04-25 20:44:31,151 - INFO - [download]   4.3% of    5.85MiB at    1.37MiB/s ETA 00:04
2026-04-25 20:44:31,206 - INFO - [download]   8.5% of    5.85MiB at    2.10MiB/s ETA 00:02
2026-04-25 20:44:31,287 - INFO - [download]  17.1% of    5.85MiB at    3.14MiB/s ETA 00:01
2026-04-25 20:44:31,363 - INFO - [download]  34.1% of    5.85MiB at    5.07MiB/s ETA 00:00
2026-04-25 20:44:31,514 - INFO - [download]  68.3% of    5.85MiB at    7.34MiB/s ETA 00:00
2026-04-25 20:44:31,682 - INFO - [download] 100.0% of    5.85MiB at    8.20MiB/s ETA 00:00
2026-04-25 20:44:31,685 - INFO - [download] 100% of    5.85MiB in 00:00:00 at 6.30MiB/s
2026-04-25 20:44:31,771 - INFO - DONE
2026-04-25 20:44:34,781 - INFO - START: https://www.youtube.com/watch?v=FV-715D-Buk
2026-04-25 20:44:34,781 - INFO - CMD: yt-dlp --newline --no-warnings -f best+bestaudio/best --merge-output-format mp4 -o /Users/dineshmore/yt-dlp-video-downloader/%(title)s.%(ext)s https://www.youtube.com/watch?v=FV-715D-Buk
2026-04-25 20:44:34,782 - INFO - 127.0.0.1 - - [25/Apr/2026 20:44:34] "GET /download?url=https://www.youtube.com/watch?v%3DFV-715D-Buk&format_id=best&mode=smart HTTP/1.1" 200 -
2026-04-25 20:44:35,029 - INFO - [youtube] Extracting URL: https://www.youtube.com/watch?v=FV-715D-Buk
2026-04-25 20:44:35,029 - INFO - [youtube] FV-715D-Buk: Downloading webpage
2026-04-25 20:44:36,185 - INFO - [youtube] FV-715D-Buk: Downloading android vr player API JSON
2026-04-25 20:44:36,653 - INFO - [info] FV-715D-Buk: Downloading 1 format(s): 18
2026-04-25 20:44:36,663 - INFO - [download] /Users/dineshmore/yt-dlp-video-downloader/Top Gun and Top Gun： Maverick ｜ Official Trailer ｜ Experience It In IMAX®.mp4 has already been downloaded
2026-04-25 20:44:36,663 - INFO - [download] 100% of    5.85MiB
2026-04-25 20:44:36,703 - INFO - DONE
2026-04-25 20:44:39,712 - INFO - START: https://www.youtube.com/watch?v=FV-715D-Buk
2026-04-25 20:44:39,712 - INFO - CMD: yt-dlp --newline --no-warnings -f best+bestaudio/best --merge-output-format mp4 -o /Users/dineshmore/yt-dlp-video-downloader/%(title)s.%(ext)s https://www.youtube.com/watch?v=FV-715D-Buk
2026-04-25 20:44:39,713 - INFO - 127.0.0.1 - - [25/Apr/2026 20:44:39] "GET /download?url=https://www.youtube.com/watch?v%3DFV-715D-Buk&format_id=best&mode=smart HTTP/1.1" 200 -
2026-04-25 20:44:39,934 - INFO - [youtube] Extracting URL: https://www.youtube.com/watch?v=FV-715D-Buk
2026-04-25 20:44:39,934 - INFO - [youtube] FV-715D-Buk: Downloading webpage
2026-04-25 20:44:41,204 - INFO - [youtube] FV-715D-Buk: Downloading android vr player API JSON
2026-04-25 20:44:41,689 - INFO - [info] FV-715D-Buk: Downloading 1 format(s): 18
2026-04-25 20:44:41,698 - INFO - [download] /Users/dineshmore/yt-dlp-video-downloader/Top Gun and Top Gun： Maverick ｜ Official Trailer ｜ Experience It In IMAX®.mp4 has already been downloaded
2026-04-25 20:44:41,698 - INFO - [download] 100% of    5.85MiB
2026-04-25 20:44:41,739 - INFO - DONE
2026-04-25 20:44:44,746 - INFO - START: https://www.youtube.com/watch?v=FV-715D-Buk
2026-04-25 20:44:44,746 - INFO - CMD: yt-dlp --newline --no-warnings -f best+bestaudio/best --merge-output-format mp4 -o /Users/dineshmore/yt-dlp-video-downloader/%(title)s.%(ext)s https://www.youtube.com/watch?v=FV-715D-Buk
2026-04-25 20:44:44,746 - INFO - 127.0.0.1 - - [25/Apr/2026 20:44:44] "GET /download?url=https://www.youtube.com/watch?v%3DFV-715D-Buk&format_id=best&mode=smart HTTP/1.1" 200 -
2026-04-25 20:44:45,000 - INFO - [youtube] Extracting URL: https://www.youtube.com/watch?v=FV-715D-Buk
2026-04-25 20:44:45,000 - INFO - [youtube] FV-715D-Buk: Downloading webpage
2026-04-25 20:44:46,281 - INFO - [youtube] FV-715D-Buk: Downloading android vr player API JSON
2026-04-25 20:44:46,777 - INFO - [info] FV-715D-Buk: Downloading 1 format(s): 18
2026-04-25 20:44:46,786 - INFO - [download] /Users/dineshmore/yt-dlp-video-downloader/Top Gun and Top Gun： Maverick ｜ Official Trailer ｜ Experience It In IMAX®.mp4 has already been downloaded
2026-04-25 20:44:46,786 - INFO - [download] 100% of    5.85MiB
2026-04-25 20:44:46,825 - INFO - DONE
2026-04-25 20:44:49,835 - INFO - START: https://www.youtube.com/watch?v=FV-715D-Buk
2026-04-25 20:44:49,836 - INFO - CMD: yt-dlp --newline --no-warnings -f best+bestaudio/best --merge-output-format mp4 -o /Users/dineshmore/yt-dlp-video-downloader/%(title)s.%(ext)s https://www.youtube.com/watch?v=FV-715D-Buk
2026-04-25 20:44:49,836 - INFO - 127.0.0.1 - - [25/Apr/2026 20:44:49] "GET /download?url=https://www.youtube.com/watch?v%3DFV-715D-Buk&format_id=best&mode=smart HTTP/1.1" 200 -
2026-04-25 20:44:49,886 - INFO - 127.0.0.1 - - [25/Apr/2026 20:44:49] "[33mGET / HTTP/1.1[0m" 404 -
2026-04-25 20:44:50,107 - INFO - [youtube] Extracting URL: https://www.youtube.com/watch?v=FV-715D-Buk
2026-04-25 20:44:50,107 - INFO - [youtube] FV-715D-Buk: Downloading webpage
2026-04-25 20:44:50,885 - INFO - 127.0.0.1 - - [25/Apr/2026 20:44:50] "[33mGET / HTTP/1.1[0m" 404 -
2026-04-25 20:44:51,197 - INFO - [youtube] FV-715D-Buk: Downloading android vr player API JSON
2026-04-25 20:44:54,867 - INFO - [31m[1mWARNING: This is a development server. Do not use it in a production deployment. Use a production WSGI server instead.[0m
 * Running on http://127.0.0.1:5000
2026-04-25 20:44:54,867 - INFO - [33mPress CTRL+C to quit[0m
2026-04-25 20:44:54,867 - INFO -  * Restarting with stat
2026-04-25 20:44:54,976 - WARNING -  * Debugger is active!
2026-04-25 20:44:54,985 - INFO -  * Debugger PIN: 106-731-306
2026-04-25 20:45:01,321 - INFO - 127.0.0.1 - - [25/Apr/2026 20:45:01] "[33mGET / HTTP/1.1[0m" 404 -
2026-04-25 20:45:01,819 - INFO - 127.0.0.1 - - [25/Apr/2026 20:45:01] "[33mGET / HTTP/1.1[0m" 404 -
2026-04-25 20:45:03,678 - INFO - 127.0.0.1 - - [25/Apr/2026 20:45:03] "[33mGET / HTTP/1.1[0m" 404 -
2026-04-25 20:45:14,739 - INFO - 127.0.0.1 - - [25/Apr/2026 20:45:14] "[35m[1mGET /info HTTP/1.1[0m" 500 -
2026-04-25 20:45:14,776 - INFO - 127.0.0.1 - - [25/Apr/2026 20:45:14] "GET /info?__debugger__=yes&cmd=resource&f=style.css HTTP/1.1" 200 -
2026-04-25 20:45:14,777 - INFO - 127.0.0.1 - - [25/Apr/2026 20:45:14] "GET /info?__debugger__=yes&cmd=resource&f=debugger.js HTTP/1.1" 200 -
2026-04-25 20:45:14,814 - INFO - 127.0.0.1 - - [25/Apr/2026 20:45:14] "GET /info?__debugger__=yes&cmd=resource&f=console.png&s=xsarOC7M1NFWwLayVgEq HTTP/1.1" 200 -
2026-04-25 20:45:14,830 - INFO - 127.0.0.1 - - [25/Apr/2026 20:45:14] "GET /info?__debugger__=yes&cmd=resource&f=console.png HTTP/1.1" 200 -
2026-04-25 20:45:24,362 - INFO -  * Detected change in '/Users/dineshmore/yt-dlp-video-downloader/app.py', reloading
2026-04-25 20:45:24,410 - INFO -  * Restarting with stat
2026-04-25 20:45:24,566 - WARNING -  * Debugger is active!
2026-04-25 20:45:24,575 - INFO -  * Debugger PIN: 106-731-306
2026-04-25 20:45:27,136 - INFO - 127.0.0.1 - - [25/Apr/2026 20:45:27] "[31m[1mGET /info HTTP/1.1[0m" 400 -
2026-04-25 20:45:30,123 - INFO - 127.0.0.1 - - [25/Apr/2026 20:45:30] "GET / HTTP/1.1" 200 -
2026-04-25 20:45:38,249 - INFO -  * Detected change in '/Users/dineshmore/yt-dlp-video-downloader/app.py', reloading
2026-04-25 20:45:38,292 - INFO -  * Restarting with stat
2026-04-25 20:45:38,390 - Starting server...
2026-04-25 20:45:38,405 -  * Debugger is active!
2026-04-25 20:45:38,413 -  * Debugger PIN: 106-731-306
2026-04-25 20:45:40,551 - 127.0.0.1 - - [25/Apr/2026 20:45:40] "GET / HTTP/1.1" 200 -
2026-04-25 20:45:42,403 - 127.0.0.1 - - [25/Apr/2026 20:45:42] "GET / HTTP/1.1" 200 -
2026-04-25 20:45:45,798 -  * Detected change in '/Users/dineshmore/yt-dlp-video-downloader/app.py', reloading
2026-04-25 20:45:45,844 - INFO -  * Restarting with stat
